=== O0 ===  (gamma range 0.50' .. 5000', 40 pts)
   gamma       xi_kk        xi_+        xi_-   xi_-^pureE  xi_-/pred  xi_-/xi_+
    0.50   8.443e-04   8.418e-04   2.421e-08    3.327e-05      0.001      0.000
    0.80   8.270e-04   8.244e-04   1.566e-07   -2.816e-07     -0.556      0.000
    1.29   7.855e-04   7.830e-04   9.782e-07    1.056e-06      0.927      0.001
    2.06   6.969e-04   6.943e-04   5.578e-06    8.469e-06      0.659      0.008
    3.31   5.547e-04   5.521e-04   2.511e-05    2.584e-05      0.972      0.045
    4.19   4.845e-04   4.819e-04   4.402e-05    4.270e-05      1.031      0.091
    5.30   4.303e-04   4.277e-04   6.146e-05    6.101e-05      1.007      0.144
    6.72   3.782e-04   3.756e-04   6.337e-05    6.495e-05      0.976      0.169
    8.51   3.132e-04   3.106e-04   5.812e-05    5.906e-05      0.984      0.187
   10.77   2.618e-04   2.593e-04   6.572e-05    6.460e-05      1.017      0.253
   13.64   2.090e-04   2.068e-04   6.302e-05    6.307e-05      0.999      0.305
   17.28   1.651e-04   1.635e-04   6.404e-05    6.469e-05      0.990      0.392
   21.88   1.253e-04   1.246e-04   6.245e-05    6.209e-05      1.006      0.501
   27.71   9.145e-05   9.158e-05   5.918e-05    5.866e-05      1.009      0.646
   35.09   6.467e-05   6.462e-05   5.491e-05    5.445e-05      1.009      0.850
   44.43   4.427e-05   4.355e-05   5.000e-05    4.949e-05      1.010      1.148
   56.27   2.854e-05   2.830e-05   4.449e-05    4.415e-05      1.008      1.572
   71.26   1.769e-05   1.735e-05   3.814e-05    3.786e-05      1.007      2.197
  144.71   2.195e-06   2.089e-06   1.992e-05    1.985e-05      1.003      9.536
  293.90  -3.863e-07  -4.240e-07   8.068e-06    8.102e-06      0.996    -19.026
  596.89  -2.054e-07  -2.153e-07   2.341e-06    2.371e-06      0.987    -10.871
 1212.23  -5.434e-08  -5.121e-08   5.174e-07    5.265e-07      0.983    -10.103
 2461.94  -1.669e-08  -7.874e-09   9.322e-08    9.450e-08      0.986    -11.838
 5000.00  -4.925e-09  -4.749e-10   1.394e-08    1.404e-08      0.993    -29.363
   curved-sky (paper transform, DC-subtracted): BB/EE at ell=
      ell=   60: EE=+7.906e-08 BB=+2.345e-11 BB/EE=+0.000   [(EE-BB)_pureE/(EE-BB)_sweep=+1.001]
      ell=   93: EE=+5.633e-08 BB=-1.780e-11 BB/EE=-0.000   [(EE-BB)_pureE/(EE-BB)_sweep=+0.996]
      ell=  270: EE=+1.635e-08 BB=-2.313e-11 BB/EE=-0.001   [(EE-BB)_pureE/(EE-BB)_sweep=+0.992]
      ell=  977: EE=+1.689e-09 BB=-2.339e-11 BB/EE=-0.014   [(EE-BB)_pureE/(EE-BB)_sweep=+1.004]
      ell= 1500: EE=+6.679e-10 BB=-2.701e-11 BB/EE=-0.040   [(EE-BB)_pureE/(EE-BB)_sweep=+0.996]
=== FF ===  (gamma range 0.50' .. 5000', 40 pts)
   gamma       xi_kk        xi_+        xi_-   xi_-^pureE  xi_-/pred  xi_-/xi_+
    0.50   2.010e-06   1.297e-06   4.227e-11    5.128e-08      0.001      0.000
    0.80   1.971e-06   1.260e-06   3.665e-10    8.718e-10      0.420      0.000
    1.29   1.899e-06   1.192e-06   1.853e-09   -1.361e-09     -1.361      0.002
    2.06   1.737e-06   1.039e-06   1.005e-08    1.318e-08      0.763      0.010
    3.31   1.486e-06   8.058e-07   4.106e-08    4.786e-08      0.858      0.051
    4.19   1.363e-06   6.926e-07   6.882e-08    7.373e-08      0.933      0.099
    5.30   1.269e-06   6.062e-07   9.280e-08    1.019e-07      0.911      0.153
    6.72   1.180e-06   5.255e-07   9.423e-08    1.076e-07      0.875      0.179
    8.51   1.072e-06   4.283e-07   8.623e-08    9.813e-08      0.879      0.201
   10.77   9.867e-07   3.523e-07   9.538e-08    1.042e-07      0.916      0.271
   13.64   9.010e-07   2.767e-07   9.049e-08    1.002e-07      0.903      0.327
   17.28   8.300e-07   2.150e-07   9.042e-08    1.002e-07      0.903      0.421
   21.88   7.667e-07   1.609e-07   8.685e-08    9.447e-08      0.919      0.540
   27.71   7.136e-07   1.158e-07   8.111e-08    8.764e-08      0.926      0.700
   35.09   6.720e-07   7.967e-08   7.428e-08    7.987e-08      0.930      0.932
   44.43   6.408e-07   5.203e-08   6.685e-08    7.134e-08      0.937      1.285
   56.27   6.172e-07   3.247e-08   5.879e-08    6.250e-08      0.941      1.811
   71.26   6.013e-07   1.876e-08   4.981e-08    5.272e-08      0.945      2.655
  144.71   5.801e-07   1.148e-09   2.492e-08    2.621e-08      0.951     21.712
  293.90   5.775e-07  -9.252e-10   9.645e-09    1.014e-08      0.951    -10.425
  596.89   5.782e-07  -2.680e-10   2.517e-09    2.687e-09      0.937     -9.394
 1212.23   5.785e-07  -4.573e-11   4.777e-10    5.217e-10      0.916    -10.446
 2461.94   5.785e-07  -5.531e-12   7.370e-11    8.352e-11      0.882    -13.325
 5000.00   5.785e-07  -2.900e-13   9.804e-12    1.202e-11      0.815    -33.804
   curved-sky (paper transform, DC-subtracted): BB/EE at ell=
      ell=   60: EE=+9.863e-11 BB=+2.239e-12 BB/EE=+0.023   [(EE-BB)_pureE/(EE-BB)_sweep=+1.049]
      ell=   93: EE=+7.229e-11 BB=+1.833e-12 BB/EE=+0.025   [(EE-BB)_pureE/(EE-BB)_sweep=+1.050]
      ell=  270: EE=+2.245e-11 BB=+7.427e-13 BB/EE=+0.033   [(EE-BB)_pureE/(EE-BB)_sweep=+1.064]
      ell=  977: EE=+2.544e-12 BB=+9.047e-14 BB/EE=+0.036   [(EE-BB)_pureE/(EE-BB)_sweep=+1.107]
      ell= 1500: EE=+1.043e-12 BB=+1.961e-14 BB/EE=+0.019   [(EE-BB)_pureE/(EE-BB)_sweep=+1.112]
=== FK_15360pf ===  (gamma range 0.50' .. 5000', 40 pts)
   gamma       xi_kk        xi_+        xi_-   xi_-^pureE  xi_-/pred  xi_-/xi_+
    0.50   1.948e-05   1.959e-05   1.680e-08    7.744e-07      0.022      0.001
    0.80   1.730e-05   1.752e-05   8.746e-08   -1.542e-07     -0.567      0.005
    1.29   1.449e-05   1.482e-05   3.120e-07    4.962e-07      0.629      0.021
    2.06   1.205e-05   1.240e-05   4.795e-07    1.050e-06      0.457      0.039
    3.31   9.308e-06   9.681e-06   5.505e-07    1.236e-06      0.445      0.057
    4.19   7.944e-06   8.325e-06   5.557e-07    1.273e-06      0.436      0.067
    5.30   6.698e-06   7.078e-06   5.687e-07    1.381e-06      0.412      0.080
    6.72   5.520e-06   5.897e-06   5.647e-07    1.407e-06      0.401      0.096
    8.51   4.440e-06   4.810e-06   5.445e-07    1.410e-06      0.386      0.113
   10.77   3.480e-06   3.837e-06   5.059e-07    1.389e-06      0.364      0.132
   13.64   2.652e-06   2.984e-06   4.563e-07    1.342e-06      0.340      0.153
   17.28   1.969e-06   2.264e-06   4.052e-07    1.283e-06      0.316      0.179
   21.88   1.413e-06   1.666e-06   3.510e-07    1.188e-06      0.295      0.211
   27.71   9.649e-07   1.177e-06   2.922e-07    1.075e-06      0.272      0.248
   35.09   6.261e-07   7.970e-07   2.361e-07    9.569e-07      0.247      0.296
   44.43   3.853e-07   5.171e-07   1.889e-07    8.352e-07      0.226      0.365
   56.27   2.155e-07   3.124e-07   1.463e-07    7.088e-07      0.206      0.468
   71.26   1.061e-07   1.725e-07   1.096e-07    5.869e-07      0.187      0.635
  144.71  -8.207e-09   5.088e-09   4.353e-08    2.918e-07      0.149      8.556
  293.90  -8.680e-09  -8.245e-09   1.654e-08    1.026e-07      0.161     -2.006
  596.89  -2.082e-08  -3.617e-08  -3.253e-09   -1.337e-08      0.243      0.090
 1212.23  -1.826e-08  -2.845e-08  -2.054e-09   -9.878e-09      0.208      0.072
 2461.94  -1.153e-08  -2.383e-08  -8.811e-09   -2.814e-08      0.313      0.370
 5000.00   4.501e-09   9.723e-09   2.583e-09    2.557e-09      1.010      0.266
   curved-sky (paper transform, DC-subtracted): BB/EE at ell=
      ell=   60: EE=+5.334e-10 BB=+5.073e-10 BB/EE=+0.951   [(EE-BB)_pureE/(EE-BB)_sweep=+42.937]
      ell=   93: EE=+4.566e-10 BB=+3.512e-10 BB/EE=+0.769   [(EE-BB)_pureE/(EE-BB)_sweep=+7.338]
      ell=  270: EE=+1.553e-10 BB=+1.008e-10 BB/EE=+0.649   [(EE-BB)_pureE/(EE-BB)_sweep=+4.791]
      ell=  977: EE=+2.338e-11 BB=+1.139e-11 BB/EE=+0.487   [(EE-BB)_pureE/(EE-BB)_sweep=+2.980]
      ell= 1500: EE=+1.029e-11 BB=+4.323e-12 BB/EE=+0.420   [(EE-BB)_pureE/(EE-BB)_sweep=+2.646]
=== FK_cut1000 ===  (gamma range 0.50' .. 5000', 40 pts)
   gamma       xi_kk        xi_+        xi_-   xi_-^pureE  xi_-/pred  xi_-/xi_+
    0.50   4.288e-06   4.288e-06  -9.894e-17    1.695e-07     -0.000     -0.000
    0.80   4.288e-06   4.288e-06  -2.545e-16    9.256e-09     -0.000     -0.000
    1.29   4.288e-06   4.288e-06  -6.545e-16    2.828e-09     -0.000     -0.000
    2.06   4.288e-06   4.288e-06  -1.683e-15    1.214e-08     -0.000     -0.000
    3.31   4.288e-06   4.288e-06  -4.329e-15    5.669e-09     -0.000     -0.000
    4.19   4.288e-06   4.288e-06  -6.943e-15    2.429e-09     -0.000     -0.000
    5.30   4.288e-06   4.288e-06  -1.113e-14    1.497e-08     -0.000     -0.000
    6.72   4.288e-06   4.288e-06  -1.786e-14    1.174e-08     -0.000     -0.000
    8.51   4.288e-06   4.288e-06  -2.864e-14    8.503e-09     -0.000     -0.000
   10.77   4.287e-06   4.287e-06  -4.592e-14    5.269e-09     -0.000     -0.000
   13.64   4.287e-06   4.287e-06  -7.364e-14    2.034e-09     -0.000     -0.000
   17.28   4.287e-06   4.287e-06  -1.181e-13    1.458e-08     -0.000     -0.000
   21.88   4.286e-06   4.286e-06  -1.894e-13    1.135e-08     -0.000     -0.000
   27.71   4.285e-06   4.285e-06  -3.037e-13    8.132e-09     -0.000     -0.000
   35.09   4.284e-06   4.284e-06  -4.869e-13    4.919e-09     -0.000     -0.000
   44.43   4.282e-06   4.282e-06  -7.806e-13    1.721e-09     -0.000     -0.000
   56.27   4.278e-06   4.278e-06  -1.251e-12    1.430e-08     -0.000     -0.000
   71.26   4.272e-06   4.272e-06  -2.005e-12    1.116e-08     -0.000     -0.000
  144.71   4.225e-06   4.225e-06  -8.216e-12    2.368e-09     -0.003     -0.000
  293.90   4.036e-06   4.036e-06  -3.300e-11    1.255e-08     -0.003     -0.000
  596.89   3.365e-06   3.365e-06  -1.234e-10    4.488e-08     -0.003     -0.000
 1212.23   1.685e-06   1.685e-06  -3.980e-10    2.033e-07     -0.002     -0.000
 2461.94  -4.730e-09  -4.701e-09  -3.551e-09    8.706e-07     -0.004      0.755
 5000.00  -5.576e-09  -5.561e-09  -1.705e-09    4.067e-07     -0.004      0.307
   curved-sky (paper transform, DC-subtracted): BB/EE at ell=
      ell=   60: EE=-2.781e-10 BB=-2.899e-10 BB/EE=+1.042   [(EE-BB)_pureE/(EE-BB)_sweep=-227.804]
      ell=   93: EE=-6.186e-11 BB=-6.604e-11 BB/EE=+1.068   [(EE-BB)_pureE/(EE-BB)_sweep=-261.301]
      ell=  270: EE=-1.509e-12 BB=-2.048e-12 BB/EE=+1.357   [(EE-BB)_pureE/(EE-BB)_sweep=-248.762]
      ell=  977: EE=-1.199e-13 BB=-1.657e-13 BB/EE=+1.383   [(EE-BB)_pureE/(EE-BB)_sweep=-232.050]
      ell= 1500: EE=-1.301e-13 BB=-1.492e-13 BB/EE=+1.147   [(EE-BB)_pureE/(EE-BB)_sweep=-239.662]
=== prototype MC o0 ===  (gamma range 1.00' .. 5000', 26 pts)
   gamma       xi_kk        xi_+        xi_-   xi_-^pureE  xi_-/pred  xi_-/xi_+
    1.00   8.224e-04   8.165e-04   3.744e-07   -6.123e-08     -6.114      0.000
    1.98   7.169e-04   7.110e-04   4.842e-06    2.026e-06      2.390      0.007
    3.91   5.111e-04   5.052e-04   3.838e-05    3.562e-05      1.077      0.076
    5.49   4.296e-04   4.237e-04   6.355e-05    5.971e-05      1.064      0.150
    7.72   3.454e-04   3.397e-04   5.955e-05    6.256e-05      0.952      0.175
   10.86   2.645e-04   2.591e-04   6.654e-05    6.337e-05      1.050      0.257
   15.26   1.913e-04   1.867e-04   6.568e-05    6.353e-05      1.034      0.352
   21.46   1.307e-04   1.276e-04   6.351e-05    6.225e-05      1.020      0.498
   30.17   8.249e-05   8.074e-05   5.843e-05    5.743e-05      1.017      0.724
   42.42   4.875e-05   4.651e-05   5.162e-05    5.072e-05      1.018      1.110
   59.64   2.579e-05   2.440e-05   4.339e-05    4.271e-05      1.016      1.778
  165.72   1.031e-06   5.696e-07   1.718e-05    1.712e-05      1.003     30.159
  460.53  -3.416e-07  -3.904e-07   3.725e-06    3.822e-06      0.975     -9.540
 1279.78  -6.415e-08  -4.415e-08   4.046e-07    4.267e-07      0.948     -9.163
 3556.40  -4.824e-09  -1.273e-09   2.486e-08    2.713e-08      0.916    -19.530
   curved-sky (paper transform, DC-subtracted): BB/EE at ell=
      ell=   60: EE=+7.871e-08 BB=-1.125e-10 BB/EE=-0.001   [(EE-BB)_pureE/(EE-BB)_sweep=+1.005]
      ell=   93: EE=+5.662e-08 BB=-8.866e-12 BB/EE=-0.000   [(EE-BB)_pureE/(EE-BB)_sweep=+0.996]
      ell=  270: EE=+1.647e-08 BB=-9.987e-11 BB/EE=-0.006   [(EE-BB)_pureE/(EE-BB)_sweep=+0.981]
      ell=  977: EE=+1.637e-09 BB=-1.217e-10 BB/EE=-0.074   [(EE-BB)_pureE/(EE-BB)_sweep=+0.969]
      ell= 1500: EE=+6.042e-10 BB=-1.194e-10 BB/EE=-0.198   [(EE-BB)_pureE/(EE-BB)_sweep=+0.964]
=== prototype MC ff ===  (gamma range 1.00' .. 5000', 26 pts)
   gamma       xi_kk        xi_+        xi_-   xi_-^pureE  xi_-/pred  xi_-/xi_+
    1.00   9.989e-07   8.684e-07   7.531e-08   -6.513e-11  -1156.291      0.087
    1.98   8.770e-07   7.283e-07   7.188e-08    3.280e-09     21.918      0.099
    3.91   6.126e-07   4.816e-07   8.565e-08    4.622e-08      1.853      0.178
    5.49   5.037e-07   3.856e-07   9.529e-08    7.311e-08      1.303      0.247
    7.72   3.909e-07   2.885e-07   7.471e-08    7.552e-08      0.989      0.259
   10.86   2.833e-07   1.997e-07   6.653e-08    7.586e-08      0.877      0.333
   15.26   1.868e-07   1.218e-07   5.167e-08    7.407e-08      0.698      0.424
   21.46   1.082e-07   5.989e-08   3.696e-08    7.059e-08      0.524      0.617
   30.17   4.699e-08   1.224e-08   2.112e-08    6.352e-08      0.333      1.726
   42.42   5.455e-09  -2.169e-08   6.283e-09    5.464e-08      0.115     -0.290
   59.64  -2.152e-08  -4.309e-08  -7.773e-09    4.487e-08     -0.173      0.180
  165.72  -4.673e-08  -6.575e-08  -4.216e-08    1.683e-08     -2.505      0.641
  460.53  -4.628e-08  -6.759e-08  -5.614e-08    3.778e-09    -14.860      0.831
 1279.78  -4.576e-08  -6.785e-08  -5.900e-08    6.012e-10    -98.127      0.869
 3556.40  -4.566e-08  -6.787e-08  -5.931e-08    9.351e-11   -634.231      0.874
   curved-sky (paper transform, DC-subtracted): BB/EE at ell=
      ell=   60: EE=+7.678e-11 BB=+1.118e-12 BB/EE=+0.015   [(EE-BB)_pureE/(EE-BB)_sweep=+1.026]
      ell=   93: EE=+5.662e-11 BB=-9.453e-13 BB/EE=-0.017   [(EE-BB)_pureE/(EE-BB)_sweep=+0.960]
      ell=  270: EE=+1.878e-11 BB=-1.410e-12 BB/EE=-0.075   [(EE-BB)_pureE/(EE-BB)_sweep=+0.853]
      ell=  977: EE=+2.420e-12 BB=-6.310e-13 BB/EE=-0.261   [(EE-BB)_pureE/(EE-BB)_sweep=+0.655]
      ell= 1500: EE=+1.042e-12 BB=-4.353e-13 BB/EE=-0.418   [(EE-BB)_pureE/(EE-BB)_sweep=+0.572]
=== prototype MC fk ===  (gamma range 1.00' .. 5000', 26 pts)
   gamma       xi_kk        xi_+        xi_-   xi_-^pureE  xi_-/pred  xi_-/xi_+
    1.00   6.969e-06   6.292e-06  -6.636e-08   -4.719e-10    140.617     -0.011
    1.98   8.230e-06   1.042e-05  -1.922e-06    8.618e-07     -2.231     -0.185
    3.91   6.630e-06   5.776e-06   4.794e-08    2.397e-08      2.000      0.008
    5.49   6.374e-06   5.427e-06   7.172e-08    5.400e-07      0.133      0.013
    7.72   6.166e-06   5.144e-06   2.785e-08    5.191e-07      0.054      0.005
   10.86   6.018e-06   4.910e-06   2.616e-08    4.147e-07      0.063      0.005
   15.26   5.997e-06   4.785e-06   1.553e-08    3.361e-07      0.046      0.003
   21.46   6.063e-06   4.745e-06   1.310e-09    2.556e-07      0.005      0.000
   30.17   6.114e-06   4.751e-06  -6.312e-09    1.739e-07     -0.036     -0.001
   42.42   6.397e-06   4.935e-06   4.829e-08    1.344e-07      0.359      0.010
   59.64   6.746e-06   5.206e-06   7.732e-08    4.987e-08      1.550      0.015
  165.72   7.820e-06   7.429e-06   3.485e-07   -8.269e-08     -4.214      0.047
  460.53   7.468e-06   1.801e-05   1.241e-05   -3.867e-07    -32.097      0.689
 1279.78   2.650e-06   2.141e-06  -1.239e-07    7.604e-05     -0.002     -0.058
 3556.40   9.119e-08  -5.256e-08  -1.006e-07    6.227e-05     -0.002      1.914
   curved-sky (paper transform, DC-subtracted): BB/EE at ell=
      ell=   60: EE=+1.771e-06 BB=-3.132e-06 BB/EE=-1.769   [(EE-BB)_pureE/(EE-BB)_sweep=+0.538]
      ell=   93: EE=-7.853e-07 BB=-9.290e-08 BB/EE=+0.118   [(EE-BB)_pureE/(EE-BB)_sweep=-0.038]
      ell=  270: EE=-2.168e-08 BB=+1.862e-09 BB/EE=-0.086   [(EE-BB)_pureE/(EE-BB)_sweep=+0.673]
      ell=  977: EE=-2.846e-10 BB=+6.578e-12 BB/EE=-0.023   [(EE-BB)_pureE/(EE-BB)_sweep=+3.534]
      ell= 1500: EE=-5.370e-11 BB=+3.589e-13 BB/EE=-0.007   [(EE-BB)_pureE/(EE-BB)_sweep=+6.880]
